lower_center_offset: -49.25
lower_row: 50
upper_center_offset: -49.0
upper_row: 270
