lower_center_offset: 56.0
lower_row: 100
upper_center_offset: 40.25
upper_row: 826
