bright_field:
  data_path: /nfs/chess/scratch/user/rv43/2021-3/id3a/z-3234-A/tenstom_1304r-1/370/nf
  img_offset: 5
  img_start: 223399
  num: 20
combine_stacks:
  stacks:
  - 1
  - 2
  - 3
  x_bounds:
  - 600
  - 1450
  y_bounds:
  - 600
  - 1450
  z_bounds:
  - 0
  - 2383
dark_field:
  data_path: /nfs/chess/scratch/user/rv43/2021-3/id3a/z-3234-A/tenstom_1304r-1/369/nf
  img_offset: 5
  img_start: 223373
  num: 20
data_filetype: tif
detector:
  columns: 2048
  id: retiga
  pixel_size: 0.00148
  rows: 2048
find_center:
  center_stack_index: 2
  completed: true
  lower_center_offset: 18.0
  lower_row: 179
  row_bounds:
  - 179
  - 854
  upper_center_offset: 39.5
  upper_row: 853
preprocess:
  img_x_bounds:
  - 538
  - 1571
  num_theta_skip: 0
  zoom_perc: 100
stack_info:
  num: 3
  stacks:
  - data_path: /nfs/chess/scratch/user/rv43/2021-3/id3a/z-3234-A/tenstom_1304r-1/371/nf
    img_offset: 5
    img_start: 223425
    index: 1
    num: 1800
    preprocessed: true
    reconstructed: true
    ref_height: 0.79624
  - data_path: /nfs/chess/scratch/user/rv43/2021-3/id3a/z-3234-A/tenstom_1304r-1/376/nf
    img_offset: 5
    img_start: 225336
    index: 2
    num: 1800
    preprocessed: true
    reconstructed: true
    ref_height: 1.79624
  - data_path: /nfs/chess/scratch/user/rv43/2021-3/id3a/z-3234-A/tenstom_1304r-1/381/nf
    img_offset: 5
    img_start: 227247
    index: 3
    num: 1800
    preprocessed: true
    reconstructed: true
    ref_height: 2.79624
theta_range:
  end: 180.0
  num: 1800
  start: 0.0
work_folder: /nfs/chess/scratch/user/rv43/2021-3/id3a/z-3234-A/tenstom_1304r-1
